.\venv\Scripts\python.exe 
: Soroban Simulation 
Error: HostError: 
Error(Contract, #9)
At line:1 char:1
+ 
.\venv\Scripts\python.exe 
execute_test_tx.py > 
test_output.txt 2>&1
+ ~~~~~~~~~~~~~~~~~~~~~~~~
~~~~~~~~~~~~~~~~~~~~~~~~~~
~~~~~~~~~~~~~~~~~
    + CategoryInfo        
      : NotSpecified: (S  
  oroban Simulat...r(Co   
 ntract, #9):String) [    
], RemoteException
    + FullyQualifiedError 
   Id : NativeCommandErr  
  or
 

Event log (newest first):
   0: [Diagnostic Event] c
ontract:CDW2ANZZXVDIBWX7WR
CXBYHAYWX5IPRXKM25IZIYFIZ6
ZOX4AXEEAPNQ, 
topics:[error, 
Error(Contract, #9)], 
data:"escalating error to 
VM trap from failed host 
function call: call"
   1: [Diagnostic Event] c
ontract:CDW2ANZZXVDIBWX7WR
CXBYHAYWX5IPRXKM25IZIYFIZ6
ZOX4AXEEAPNQ, 
topics:[error, 
Error(Contract, #9)], 
data:["contract call 
failed", transfer_from, [C
DW2ANZZXVDIBWX7WRCXBYHAYWX
5IPRXKM25IZIYFIZ6ZOX4AXEEA
PNQ, GAHO2LQHLZHYRRUE4CNT7
QHWFDXJWK322XPUWO6RSFGB3FM
I4H67OH5J, GABY3YD3CDWT7M5
LN7W3G27VJ7US6A3TSBQZSGS7K
H54DNJ2F6NBFN4K, 1000000]]
   2: [Failed Diagnostic 
Event (not emitted)] contr
act:CDTL7BBCUZTD7GPRXXZ74W
4FGGH43JQEWQ4PC4IYKFQGBBH5
3VL525VH, topics:[error, 
Error(Contract, #9)], 
data:["not enough 
allowance to spend", 0, 
1000000]
   3: [Diagnostic Event] c
ontract:CDW2ANZZXVDIBWX7WR
CXBYHAYWX5IPRXKM25IZIYFIZ6
ZOX4AXEEAPNQ, 
topics:[fn_call, CDTL7BBCU
ZTD7GPRXXZ74W4FGGH43JQEWQ4
PC4IYKFQGBBH53VL525VH, 
transfer_from], data:[CDW2
ANZZXVDIBWX7WRCXBYHAYWX5IP
RXKM25IZIYFIZ6ZOX4AXEEAPNQ
, GAHO2LQHLZHYRRUE4CNT7QHW
FDXJWK322XPUWO6RSFGB3FMI4H
67OH5J, GABY3YD3CDWT7M5LN7
W3G27VJ7US6A3TSBQZSGS7KH54
DNJ2F6NBFN4K, 1000000]
   4: [Diagnostic Event] 
topics:[fn_call, CDW2ANZZX
VDIBWX7WRCXBYHAYWX5IPRXKM2
5IZIYFIZ6ZOX4AXEEAPNQ, 
tip], data:[GAHO2LQHLZHYRR
UE4CNT7QHWFDXJWK322XPUWO6R
SFGB3FMI4H67OH5J, GABY3YD3
CDWT7M5LN7W3G27VJ7US6A3TSB
QZSGS7KH54DNJ2F6NBFN4K, 
1000000, 0]

Simulation Events: ['AAAAA
AAAAAAAAAAAAAAAAgAAAAAAAAA
DAAAADwAAAAdmbl9jYWxsAAAAA
A0AAAAg7aA3Ob1GgNr/tEVw4OD
Fr9Q+N1M11GUYKjPsuvwFyEAAA
AAPAAAAA3RpcAAAAAAQAAAAAQA
AAAQAAAASAAAAAAAAAAAO7S4HX
k+IxoTgmz/A9ijumyt61d9LO9G
RTB2ViOH99wAAABIAAAAAAAAAA
AON4HsQ7T+zq2/ts2v1T+kvA3O
QYZkaX1H7wbU6L5oSAAAACgAAA
AAAAAAAAAAAAAAPQkAAAAAKAAA
AAAAAAAAAAAAAAAAAAA==', 'A
AAAAAAAAAAAAAAB7aA3Ob1GgNr
/tEVw4ODFr9Q+N1M11GUYKjPsu
vwFyEAAAAACAAAAAAAAAAMAAAA
PAAAAB2ZuX2NhbGwAAAAADQAAA
CDmv4QipmY/mfG98/5bhTGPzaY
EtDjxcRhRYGCE/d1X3QAAAA8AA
AANdHJhbnNmZXJfZnJvbQAAAAA
AABAAAAABAAAABAAAABIAAAAB7
aA3Ob1GgNr/tEVw4ODFr9Q+N1M
11GUYKjPsuvwFyEAAAAASAAAAA
AAAAAAO7S4HXk+IxoTgmz/A9ij
umyt61d9LO9GRTB2ViOH99wAAA
BIAAAAAAAAAAAON4HsQ7T+zq2/
ts2v1T+kvA3OQYZkaX1H7wbU6L
5oSAAAACgAAAAAAAAAAAAAAAAA
PQkA=', 'AAAAAAAAAAAAAAAB5
r+EIqZmP5nxvfP+W4Uxj82mBLQ
48XEYUWBghP3dV90AAAACAAAAA
AAAAAIAAAAPAAAABWVycm9yAAA
AAAAAAgAAAAAAAAAJAAAAEAAAA
AEAAAADAAAADgAAAB1ub3QgZW5
vdWdoIGFsbG93YW5jZSB0byBzc
GVuZAAAAAAAAAoAAAAAAAAAAAA
AAAAAAAAAAAAACgAAAAAAAAAAA
AAAAAAPQkA=', 'AAAAAAAAAAA
AAAAB7aA3Ob1GgNr/tEVw4ODFr
9Q+N1M11GUYKjPsuvwFyEAAAAA
CAAAAAAAAAAIAAAAPAAAABWVyc
m9yAAAAAAAAAgAAAAAAAAAJAAA
AEAAAAAEAAAADAAAADgAAABRjb
250cmFjdCBjYWxsIGZhaWxlZAA
AAA8AAAANdHJhbnNmZXJfZnJvb
QAAAAAAABAAAAABAAAABAAAABI
AAAAB7aA3Ob1GgNr/tEVw4ODFr
9Q+N1M11GUYKjPsuvwFyEAAAAA
SAAAAAAAAAAAO7S4HXk+IxoTgm
z/A9ijumyt61d9LO9GRTB2ViOH
99wAAABIAAAAAAAAAAAON4HsQ7
T+zq2/ts2v1T+kvA3OQYZkaX1H
7wbU6L5oSAAAACgAAAAAAAAAAA
AAAAAAPQkA=', 'AAAAAAAAAAA
AAAAB7aA3Ob1GgNr/tEVw4ODFr
9Q+N1M11GUYKjPsuvwFyEAAAAA
CAAAAAAAAAAIAAAAPAAAABWVyc
m9yAAAAAAAAAgAAAAAAAAAJAAA
ADgAAAEBlc2NhbGF0aW5nIGVyc
m9yIHRvIFZNIHRyYXAgZnJvbSB
mYWlsZWQgaG9zdCBmdW5jdGlvb
iBjYWxsOiBjYWxs', 'AAAAAAA
AAAAAAAAB7aA3Ob1GgNr/tEVw4
ODFr9Q+N1M11GUYKjPsuvwFyEA
AAAACAAAAAAAAAAEAAAAPAAAAA
2xvZwAAAAAQAAAAAQAAAAMAAAA
OAAAAHlZNIGNhbGwgdHJhcHBlZ
CB3aXRoIEhvc3RFcnJvcgAAAAA
ADwAAAAN0aXAAAAAAAgAAAAAAA
AAJ']
DEBUG: HOUSE_ACCOUNT_SECRET length: 56
DEBUG: HOUSE_ACCOUNT_SECRET starts with: SCREH
Current Balance: 963.0
Executing test distribution of 0.1 SHX to GABY3YD3CDWT7M5LN7W3G27VJ7US6A3TSBQZSGS7KH54DNJ2F6NBFN4K...
FAILED: Simulation failed: HostError: Error(Contract, #9)

Event log (newest first):
   0: [Diagnostic Event] contract:CDW2ANZZXVDIBWX7WRCXBYHAYWX5IPRXKM25IZIYFIZ6ZOX4AXEEAPNQ, topics:[error, Error(Contract, #9)], data:"escalating error to VM trap from failed host function call: call"
   1: [Diagnostic Event] contract:CDW2ANZZXVDIBWX7WRCXBYHAYWX5IPRXKM25IZIYFIZ6ZOX4AXEEAPNQ, topics:[error, Error(Contract, #9)], data:["contract call failed", transfer_from, [CDW2ANZZXVDIBWX7WRCXBYHAYWX5IPRXKM25IZIYFIZ6ZOX4AXEEAPNQ, GAHO2LQHLZHYRRUE4CNT7QHWFDXJWK322XPUWO6RSFGB3FMI4H67OH5J, GABY3YD3CDWT7M5LN7W3G27VJ7US6A3TSBQZSGS7KH54DNJ2F6NBFN4K, 1000000]]
   2: [Failed Diagnostic Event (not emitted)] contract:CDTL7BBCUZTD7GPRXXZ74W4FGGH43JQEWQ4PC4IYKFQGBBH53VL525VH, topics:[error, Error(Contract, #9)], data:["not enough allowance to spend", 0, 1000000]
   3: [Diagnostic Event] contract:CDW2ANZZXVDIBWX7WRCXBYHAYWX5IPRXKM25IZIYFIZ6ZOX4AXEEAPNQ, topics:[fn_call, CDTL7BBCUZTD7GPRXXZ74W4FGGH43JQEWQ4PC4IYKFQGBBH53VL525VH, transfer_from], data:[CDW2ANZZXVDIBWX7WRCXBYHAYWX5IPRXKM25IZIYFIZ6ZOX4AXEEAPNQ, GAHO2LQHLZHYRRUE4CNT7QHWFDXJWK322XPUWO6RSFGB3FMI4H67OH5J, GABY3YD3CDWT7M5LN7W3G27VJ7US6A3TSBQZSGS7KH54DNJ2F6NBFN4K, 1000000]
   4: [Diagnostic Event] topics:[fn_call, CDW2ANZZXVDIBWX7WRCXBYHAYWX5IPRXKM25IZIYFIZ6ZOX4AXEEAPNQ, tip], data:[GAHO2LQHLZHYRRUE4CNT7QHWFDXJWK322XPUWO6RSFGB3FMI4H67OH5J, GABY3YD3CDWT7M5LN7W3G27VJ7US6A3TSBQZSGS7KH54DNJ2F6NBFN4K, 1000000, 0]

